Using the latest cached version of the dataset since mandarjoshi/trivia_qa couldn't be found on the Hugging Face Hub (offline mode is enabled).
Found the latest cached dataset configuration 'rc.nocontext' at /home/elzhang/cc_l0/hf_home/datasets/mandarjoshi___trivia_qa/rc.nocontext/0.0.0/0f7faf33a3908546c6fd5b73a660e0f8ff173c2f (last modified on Sun Aug  2 15:41:20 2026).
Using the latest cached version of the dataset since mandarjoshi/trivia_qa couldn't be found on the Hugging Face Hub (offline mode is enabled).
Found the latest cached dataset configuration 'rc.nocontext' at /home/elzhang/cc_l0/hf_home/datasets/mandarjoshi___trivia_qa/rc.nocontext/0.0.0/0f7faf33a3908546c6fd5b73a660e0f8ff173c2f (last modified on Sun Aug  2 15:41:20 2026).
Using the latest cached version of the dataset since mandarjoshi/trivia_qa couldn't be found on the Hugging Face Hub (offline mode is enabled).
Found the latest cached dataset configuration 'rc.nocontext' at /home/elzhang/cc_l0/hf_home/datasets/mandarjoshi___trivia_qa/rc.nocontext/0.0.0/0f7faf33a3908546c6fd5b73a660e0f8ff173c2f (last modified on Sun Aug  2 15:41:20 2026).
[clean-pc] generating condition (i) prompt=strong-format ...
Loading weights:   0%|          | 0/339 [00:00<?, ?it/s]Loading weights: 100%|██████████| 339/339 [00:00<00:00, 6164.88it/s]
[clean-pc]   prompt compliance_rate=1.000
[clean-pc] generating condition (ii) baselineA=neutral ...
[clean-pc]   baselineA compliance_rate=0.000
[clean-pc] generating condition (iii) baselineB=neutral (indep seed) ...
[clean-pc]   baselineB compliance_rate=0.000

================ CLEAN POSITIVE CONTROL (GATED — PENDING HOSTILE AUDIT) ================
code_commit=c27e9b4464dfa937bcc16d833b1e501780f0abaa dirty=True
endpoint=prefix_compliance(ANSWER:)  budget=32  k=5
compliance rates: prompt=1.000 baselineA=0.000 baselineB=0.000
fresh disjointness: id_overlap=[] text_overlap=[]

[POSITIVE(prompt - baselineA)] expected=PASS
  mean_diff=1.0000  CI(0.983333)=[1.0000,1.0000]  excl0=True  mean>=delta(0.05)=True
  coherence_ok=True (treat_deg=0.0003 ceiling=0.0226)  => PASS=True

[NEGATIVE(baselineB - baselineA)] expected=FAIL
  mean_diff=0.0000  CI(0.983333)=[0.0000,0.0000]  excl0=False  mean>=delta(0.05)=False
  coherence_ok=True (treat_deg=0.0018 ceiling=0.0226)  => PASS=False

GATE satisfiable+discriminative (POSITIVE PASS & NEGATIVE FAIL) = True
wall_clock_seconds=532.0
wrote results/clean_pc_20260813/clean_pc_result.json
wrote results/clean_pc_20260813/raw_generations.jsonl (sha256=90ddc78f50dc7e06c8fa88f9532a5a3f0d5f9915f7c91d40a6060e6879459455)
