[avg-prompt] disk pre-run: disk ok: total 21.34GB < budget 60GB (ceiling 70GB) [/home/elzhang/cc_avg_prompt/hf_home=14.38GB, /home/elzhang/cc_avg_prompt/venv=6.97GB].
Warning: You are sending unauthenticated requests to the HF Hub. Please set a HF_TOKEN to enable higher rate limits and faster downloads.
[avg-prompt] planned candidate generations: {'skepticism': 3200} TOTAL=3200
[avg-prompt] Stage-1/2 guard: no prompt or alpha selection; no frozen result overwrite.
[c2b-adj] axis=skepticism phase=test_avg_prompt_candidate 1/16 items=40 START done=0/3200 fresh=0 elapsed=0s eta=0s
Loading weights:   0%|          | 0/339 [00:00<?, ?it/s]Loading weights:   1%|▏         | 5/339 [00:00<00:07, 44.79it/s]Loading weights:  26%|██▌       | 88/339 [00:00<00:00, 479.50it/s]Loading weights:  41%|████      | 138/339 [00:00<00:00, 486.25it/s]Loading weights:  55%|█████▌    | 188/339 [00:00<00:00, 491.23it/s]Loading weights:  71%|███████   | 240/339 [00:00<00:00, 478.18it/s]Loading weights:  86%|████████▌ | 292/339 [00:00<00:00, 479.33it/s]Loading weights: 100%|██████████| 339/339 [00:00<00:00, 474.93it/s]
[c2b-adj] axis=skepticism phase=test_avg_prompt_candidate 1/16 items=40 DONE done=200/3200 fresh=200 elapsed=23s eta=352s
[c2b-adj] axis=skepticism phase=test_avg_prompt_candidate 2/16 items=40 START done=200/3200 fresh=200 elapsed=23s eta=352s
[c2b-adj] axis=skepticism phase=test_avg_prompt_candidate 2/16 items=40 DONE done=400/3200 fresh=400 elapsed=38s eta=269s
[c2b-adj] axis=skepticism phase=test_avg_prompt_candidate 3/16 items=40 START done=400/3200 fresh=400 elapsed=38s eta=269s
[c2b-adj] axis=skepticism phase=test_avg_prompt_candidate 3/16 items=40 DONE done=600/3200 fresh=600 elapsed=53s eta=231s
[c2b-adj] axis=skepticism phase=test_avg_prompt_candidate 4/16 items=40 START done=600/3200 fresh=600 elapsed=53s eta=231s
[c2b-adj] axis=skepticism phase=test_avg_prompt_candidate 4/16 items=40 DONE done=800/3200 fresh=800 elapsed=68s eta=205s
[c2b-adj] axis=skepticism phase=test_avg_prompt_candidate 5/16 items=40 START done=800/3200 fresh=800 elapsed=68s eta=205s
[c2b-adj] axis=skepticism phase=test_avg_prompt_candidate 5/16 items=40 DONE done=1000/3200 fresh=1000 elapsed=83s eta=183s
[c2b-adj] axis=skepticism phase=test_avg_prompt_candidate 6/16 items=40 START done=1000/3200 fresh=1000 elapsed=83s eta=183s
[c2b-adj] axis=skepticism phase=test_avg_prompt_candidate 6/16 items=40 DONE done=1200/3200 fresh=1200 elapsed=98s eta=164s
[c2b-adj] axis=skepticism phase=test_avg_prompt_candidate 7/16 items=40 START done=1200/3200 fresh=1200 elapsed=98s eta=164s
[c2b-adj] axis=skepticism phase=test_avg_prompt_candidate 7/16 items=40 DONE done=1400/3200 fresh=1400 elapsed=113s eta=145s
[c2b-adj] axis=skepticism phase=test_avg_prompt_candidate 8/16 items=40 START done=1400/3200 fresh=1400 elapsed=113s eta=145s
[c2b-adj] axis=skepticism phase=test_avg_prompt_candidate 8/16 items=40 DONE done=1600/3200 fresh=1600 elapsed=128s eta=128s
[c2b-adj] axis=skepticism phase=test_avg_prompt_candidate 9/16 items=40 START done=1600/3200 fresh=1600 elapsed=128s eta=128s
[c2b-adj] axis=skepticism phase=test_avg_prompt_candidate 9/16 items=40 DONE done=1800/3200 fresh=1800 elapsed=143s eta=111s
[c2b-adj] axis=skepticism phase=test_avg_prompt_candidate 10/16 items=40 START done=1800/3200 fresh=1800 elapsed=143s eta=111s
[c2b-adj] axis=skepticism phase=test_avg_prompt_candidate 10/16 items=40 DONE done=2000/3200 fresh=2000 elapsed=158s eta=95s
[c2b-adj] axis=skepticism phase=test_avg_prompt_candidate 11/16 items=40 START done=2000/3200 fresh=2000 elapsed=158s eta=95s
[c2b-adj] axis=skepticism phase=test_avg_prompt_candidate 11/16 items=40 DONE done=2200/3200 fresh=2200 elapsed=172s eta=78s
[c2b-adj] axis=skepticism phase=test_avg_prompt_candidate 12/16 items=40 START done=2200/3200 fresh=2200 elapsed=172s eta=78s
[c2b-adj] axis=skepticism phase=test_avg_prompt_candidate 12/16 items=40 DONE done=2400/3200 fresh=2400 elapsed=187s eta=62s
[c2b-adj] axis=skepticism phase=test_avg_prompt_candidate 13/16 items=40 START done=2400/3200 fresh=2400 elapsed=187s eta=62s
[c2b-adj] axis=skepticism phase=test_avg_prompt_candidate 13/16 items=40 DONE done=2600/3200 fresh=2600 elapsed=202s eta=47s
[c2b-adj] axis=skepticism phase=test_avg_prompt_candidate 14/16 items=40 START done=2600/3200 fresh=2600 elapsed=202s eta=47s
[c2b-adj] axis=skepticism phase=test_avg_prompt_candidate 14/16 items=40 DONE done=2800/3200 fresh=2800 elapsed=217s eta=31s
[c2b-adj] axis=skepticism phase=test_avg_prompt_candidate 15/16 items=40 START done=2800/3200 fresh=2800 elapsed=217s eta=31s
[c2b-adj] axis=skepticism phase=test_avg_prompt_candidate 15/16 items=40 DONE done=3000/3200 fresh=3000 elapsed=232s eta=15s
[c2b-adj] axis=skepticism phase=test_avg_prompt_candidate 16/16 items=40 START done=3000/3200 fresh=3000 elapsed=232s eta=15s
[c2b-adj] axis=skepticism phase=test_avg_prompt_candidate 16/16 items=40 DONE done=3200/3200 fresh=3200 elapsed=247s eta=0s
[avg-prompt] transcripts: results/avg_prompt_full/cell_iti__qwen2.5-7b__skepticism/transcripts
[avg-prompt] wrote results/avg_prompt_full/cell_iti__qwen2.5-7b__skepticism/avg_prompt_comparator_results.json (exp avg-prompt-comparator-28c3ca28-0001) wall=254.1s
