Warning: You are sending unauthenticated requests to the HF Hub. Please set a HF_TOKEN to enable higher rate limits and faster downloads.
[e0012] backend='hf' output=results/E-0012 seed=42
[e0012] L_c1=20 layer_sweep=(18, 19, 20, 21, 22) alpha_grid=(2.0, 4.0, 6.0, 8.0, 12.0, 16.0, 24.0)
[e0012] N_search_cap=70
[e0012] Loaded E-0012 pool: 80 items
[e0012] Split: 27 DEV / 53 TEST
[e0012] Loaded 18 authored calibration prompts
[e0012] device='cuda' (CUDA_VISIBLE_DEVICES='1')
[e0012] Running APE (N_cand=50, seed=42)
Loading weights:   0%|          | 0/339 [00:00<?, ?it/s]Loading weights:   1%|▏         | 5/339 [00:00<00:08, 39.75it/s]Loading weights:  29%|██▉       | 100/339 [00:00<00:00, 515.39it/s]Loading weights:  56%|█████▋    | 191/339 [00:00<00:00, 680.62it/s]Loading weights:  82%|████████▏ | 278/339 [00:00<00:00, 751.68it/s]Loading weights: 100%|██████████| 339/339 [00:00<00:00, 687.35it/s]
[e0012] APE winner DEV score (k=3): 0.5131
[e0012] APE winner DEV score (k=5): 0.5343
[e0012] Running Stage 0 + Stage 1...
Loading weights:   0%|          | 0/339 [00:00<?, ?it/s]Loading weights:   0%|          | 1/339 [00:00<00:50,  6.74it/s]Loading weights:  23%|██▎       | 78/339 [00:00<00:00, 375.48it/s]Loading weights:  43%|████▎     | 146/339 [00:00<00:00, 492.44it/s]Loading weights:  64%|██████▎   | 216/339 [00:00<00:00, 564.72it/s]Loading weights:  84%|████████▍ | 286/339 [00:00<00:00, 602.87it/s]Loading weights: 100%|██████████| 339/339 [00:00<00:00, 538.96it/s]

[e0012] ═══ VERDICT: LOCAL ═══
[e0012] Notes: Stage 1 PASS; Stage 2 not run. Verdict defaulted to LOCAL (model-specific). Stage 2 required for GENERALIZING or GENERAL_CONTROL.
[e0012] Stage 0: 70/70 combinations evaluated, 8 pass cutoff, 1 advancing to Stage 1
[e0012] Kill rule: PASS
[e0012] Stage 1 candidate BTN-CAL-PROBE@layer=18 α=24.0: PASS (safety_unsafe=False)
[e0012] Results written to results/E-0012/e0012_results.json
[e0012] Stage 0 candidate table written to results/E-0012/e0012_stage0_candidates.json
[e0012] APE candidate provenance written to results/E-0012/e0012_ape_candidates.json
